[youtube-home-clone.vercel.app/index.html]
[backblue.gif]
[fade.gif]
[index.html]
[fonts.googleapis.com/index.html]
[fonts.googleapis.com/css276c7.css]
[youtube-home-clone.vercel.app/css/style.css]
[youtube-home-clone.vercel.app/assets/YouTube-Logo.wine.png]
[youtube-home-clone.vercel.app/index.html]
[fonts.googleapis.com/index.html]
[fonts.gstatic.com/index.html]
[fonts.googleapis.com/css276c7.css]
[source.unsplash.com/1800x900/indexa5b0.html]
[source.unsplash.com/1600x910/index9927.html]
[source.unsplash.com/1620x900/index9927.html]
[source.unsplash.com/1600x900/index.html]
[source.unsplash.com/1600x900/index9927.html]
[source.unsplash.com/1900x900/index.html]
[source.unsplash.com/1630x900/index9927.html]
[source.unsplash.com/1550x900/index9927.html]
[source.unsplash.com/1370x900/index9927.html]
[source.unsplash.com/1390x900/index9927.html]
[source.unsplash.com/1340x900/index9927.html]
[source.unsplash.com/1600x930/index9927.html]
[source.unsplash.com/1400x930/index9927.html]
[source.unsplash.com/1200x950/index9927.html]
[source.unsplash.com/1690x934/index9927.html]
[source.unsplash.com/1600x932/index.html]
[source.unsplash.com/1690x900/index.html]
[source.unsplash.com/1640x900/index.html]
[source.unsplash.com/1400x900/index.html]
[source.unsplash.com/1900x900/indexabae.html]
[source.unsplash.com/1600x900/index1e44.html]
[source.unsplash.com/1600x900/index8704.html]
[source.unsplash.com/1600x900/index3355.html]
[source.unsplash.com/1600x900/indexbf21.html]
[source.unsplash.com/1600x900/index5ae0.html]
[source.unsplash.com/1600x900/index7700.html]
[source.unsplash.com/1600x900/indexc8d4.html]
[source.unsplash.com/1600x900/indexff23.html]
[youtube-home-clone.vercel.app/css/style.css]
[youtube-home-clone.vercel.app/assets/YouTube-Logo.wine.png]
[youtube-home-clone.vercel.app/assets/account_circle.svg]
